============================= test session starts ==============================
platform darwin -- Python 3.12.3, pytest-9.0.2, pluggy-1.6.0 -- /Users/jonathanlamontange-kratz/Documents/GitHub/rl-stuff/.venv/bin/python
cachedir: .pytest_cache
hypothesis profile 'default'
rootdir: /Users/jonathanlamontange-kratz/Documents/GitHub/rl-stuff
configfile: pytest.ini (WARNING: ignoring pytest config in pyproject.toml!)
plugins: anyio-4.12.1, hypothesis-6.151.9, cov-7.0.0
collecting ... collected 1 item

tests/regression/muzero/test_muzero_tictactoe_regression.py::test_muzero_tictactoe_full_training FAILED/Users/jonathanlamontange-kratz/Documents/GitHub/rl-stuff/.venv/lib/python3.12/site-packages/coverage/inorout.py:561: CoverageWarning: Module agents was never imported. (module-not-imported); see https://coverage.readthedocs.io/en/7.13.4/messages.html#warning-module-not-imported
  self.warn(f"Module {pkg} was never imported.", slug="module-not-imported")
/Users/jonathanlamontange-kratz/Documents/GitHub/rl-stuff/.venv/lib/python3.12/site-packages/coverage/inorout.py:561: CoverageWarning: Module replay_buffers was never imported. (module-not-imported); see https://coverage.readthedocs.io/en/7.13.4/messages.html#warning-module-not-imported
  self.warn(f"Module {pkg} was never imported.", slug="module-not-imported")
/Users/jonathanlamontange-kratz/Documents/GitHub/rl-stuff/.venv/lib/python3.12/site-packages/coverage/inorout.py:561: CoverageWarning: Module losses was never imported. (module-not-imported); see https://coverage.readthedocs.io/en/7.13.4/messages.html#warning-module-not-imported
  self.warn(f"Module {pkg} was never imported.", slug="module-not-imported")
/Users/jonathanlamontange-kratz/Documents/GitHub/rl-stuff/.venv/lib/python3.12/site-packages/coverage/inorout.py:561: CoverageWarning: Module custom_gym_envs was never imported. (module-not-imported); see https://coverage.readthedocs.io/en/7.13.4/messages.html#warning-module-not-imported
  self.warn(f"Module {pkg} was never imported.", slug="module-not-imported")


=================================== FAILURES ===================================
_____________________ test_muzero_tictactoe_full_training ______________________

    def test_muzero_tictactoe_full_training():
        """
        Heavy full training test for MuZero on Tic-Tac-Toe.
        Replicates hyperparameters and logic from muzero_tictactoe.ipynb exactly.
        """
        try:
            mp.set_start_method("spawn", force=True)
        except RuntimeError:
            pass
    
        setup_seeds()
    
        # --- Exact Hyperparameters from Notebook ---
        DEVICE = torch.device("cuda" if torch.cuda.is_available() else "cpu")
    
        env = tictactoe_factory()
        num_actions = env.action_space("player_1").n
        obs_dim = env.observation_space("player_1").shape
    
        SEARCH_BATCH_SIZE = 5
        USE_VIRTUAL_MEAN = True
        NUM_SIMULATIONS = 25
        DISCOUNT_FACTOR = 0.99
        UNROLL_STEPS = 5
        TD_STEPS = 10
        BATCH_SIZE = 8
        LEARNING_RATE = 1e-3
        TOTAL_TRAINING_STEPS = 20000
        TRAIN_STEPS_PER_EPISODE = 10
        ACTION_EMBEDDING_DIM = 32
        DIRICHLET_FRACTION = 0.25
        DIRICHLET_ALPHA = 0.3
        BUFFER_SIZE = 10000
        TRANSFER_INTERVAL = 100
        TEST_INTERVAL = 1000
        NUM_WORKERS = 4
    
        # --- 1. Agent Network Architecture ---
        agent_network = make_muzero_network(
            obs_dim=obs_dim,
            num_actions=num_actions,
            action_embedding_dim=ACTION_EMBEDDING_DIM,
            resnet_filters=[24, 24, 24],
            unroll_steps=UNROLL_STEPS,
            device=DEVICE,
        )
    
        # --- 2. Search Backend ---
        search_engine = make_muzero_search_engine(
            num_actions=num_actions,
            num_simulations=NUM_SIMULATIONS,
            discount_factor=DISCOUNT_FACTOR,
            search_batch_size=SEARCH_BATCH_SIZE,
            use_virtual_mean=USE_VIRTUAL_MEAN,
            dirichlet_alpha=DIRICHLET_ALPHA,
            dirichlet_fraction=DIRICHLET_FRACTION,
            num_players=2,
            device=DEVICE,
        )
    
        temperature_schedule = StepwiseSchedule(steps=[5, 10], values=[1.0, 0.5, 0.0])
    
        # --- 3. Replay Buffer ---
        replay_buffer = make_muzero_replay_buffer(
            obs_dim=obs_dim,
            num_actions=num_actions,
            buffer_size=BUFFER_SIZE,
            batch_size=BATCH_SIZE,
            unroll_steps=UNROLL_STEPS,
            td_steps=TD_STEPS,
            discount_factor=DISCOUNT_FACTOR,
            num_players=2,
            player_map={"player_1": 0, "player_2": 1},
        )
    
        # --- 4. Learner ---
        optimizer = torch.optim.Adam(agent_network.parameters(), lr=LEARNING_RATE, eps=1e-5)
    
>       learner = make_muzero_learner(
            agent_network=agent_network,
            replay_buffer=replay_buffer,
            optimizer=optimizer,
            batch_size=BATCH_SIZE,
            unroll_steps=UNROLL_STEPS,
            num_actions=num_actions,
            device=DEVICE,
        )

tests/regression/muzero/test_muzero_tictactoe_regression.py:118: 
_ _ _ _ _ _ _ _ _ _ _ _ _ _ _ _ _ _ _ _ _ _ _ _ _ _ _ _ _ _ _ _ _ _ _ _ _ _ _ _ 
registries/muzero.py:516: in make_muzero_learner
    learner = BlackboardEngine(
core/blackboard_engine.py:126: in __init__
    self._graph: ExecutionGraph = build_execution_graph(
_ _ _ _ _ _ _ _ _ _ _ _ _ _ _ _ _ _ _ _ _ _ _ _ _ _ _ _ _ _ _ _ _ _ _ _ _ _ _ _ 

components = [<components.neural.forward.ForwardPassComponent object at 0x16f880980>, <components.targets.sequence.SequencePadderCo...nt object at 0x16f880140>, <components.targets.formatters.ClassificationFormatterComponent object at 0x16f854560>, ...]
initial_keys = {Key(path='data.values', semantic_type=<class 'core.contracts.ValueTarget[Scalar]'>, metadata={}, shape=None), Key(pat...=None), Key(path='data.to_plays', semantic_type=<class 'core.contracts.ToPlay[Scalar]'>, metadata={}, shape=None), ...}
target_keys = {Key(path='losses.total_loss', semantic_type=<class 'core.contracts.LossScalar'>, metadata={}, shape=None)}

    def build_execution_graph(
        components: List[PipelineComponent],
        initial_keys: Set[Key],
        target_keys: Optional[Set[Key]] = None,
    ) -> ExecutionGraph:
        """Build, sort, and prune the execution graph.
    
        Args:
            components:   Pipeline components in the user's preferred order.
            initial_keys: Keys available before any component runs
                            (e.g. from the replay-buffer batch).
            target_keys: Keys that are execution targets (e.g. loss keys).
                        Components that produce these keys (or have no provides)
                        are guaranteed to execute. If None, no pruning occurs.
    
        Returns:
            An immutable ``ExecutionGraph``.
    
        Raises:
            RuntimeError: On missing dependencies or dependency cycles.
        """
        # If target_keys is None, it means the user wants NO pruning.
        # We identify this by checking if it's None before we convert it to a set.
        do_pruning = target_keys is not None
        if target_keys is None:
            target_keys = set()
    
        n = len(components)
        comp_tuple = tuple(components)
    
        # ── 1. Build provider map ────────────────────────────────────────
        provider_map: Dict[Key, int] = {}
        duplicate_errors: List[Tuple[int, Key, str]] = []
    
        # Seed with initial keys
        for key in initial_keys:
            provider_map[key] = _INITIAL
    
        # Register each component's provides (with duplicate detection)
        for idx, comp in enumerate(components):
            provides_modes = _get_provides_with_modes(comp)
            for key, mode in provides_modes.items():
                existing_provider = key in provider_map
    
                # NEW: must NOT already exist, then register
                if mode == WriteMode.NEW:
                    if existing_provider:
                        duplicate_errors.append((idx, key, f"{WriteMode.NEW.value} key already provided"))
                    provider_map[key] = idx
                # OVERWRITE: MUST already exist (by initial_keys or previous component)
                elif mode == WriteMode.OVERWRITE:
                    if not existing_provider:
                        duplicate_errors.append((idx, key, f"{WriteMode.OVERWRITE.value} but no existing provider"))
                    provider_map[key] = idx
                # APPEND: can add to existing
                elif mode == WriteMode.APPEND:
                    provider_map[key] = idx
                # OPTIONAL: may or may not exist, allow both
                elif mode == WriteMode.OPTIONAL:
                    provider_map[key] = idx
                else:
                    raise ValueError(f"Unknown WriteMode: {mode}")
    
        if duplicate_errors:
            lines = ["Duplicate provider detected in pipeline DAG:"]
            for idx, key, reason in duplicate_errors:
                name = type(components[idx]).__name__
                lines.append(f"  [{idx}] {name}: {key.path} — {reason}")
>           raise RuntimeError("\n".join(lines))
E           RuntimeError: Duplicate provider detected in pipeline DAG:
E             [4] ScalarFormatterComponent: targets.values — new key already provided
E             [6] ScalarFormatterComponent: targets.rewards — new key already provided

core/execution_graph.py:305: RuntimeError
=============================== warnings summary ===============================
.venv/lib/python3.12/site-packages/torch/cuda/__init__.py:65
  /Users/jonathanlamontange-kratz/Documents/GitHub/rl-stuff/.venv/lib/python3.12/site-packages/torch/cuda/__init__.py:65: FutureWarning: The pynvml package is deprecated. Please install nvidia-ml-py instead. If you did not install pynvml directly, please report this to the maintainers of the package that installed pynvml for you.
    import pynvml  # type: ignore[import]

-- Docs: https://docs.pytest.org/en/stable/how-to/capture-warnings.html
================================ tests coverage ================================
_______________ coverage: platform darwin, python 3.12.3-final-0 _______________

Name                                                 Stmts   Miss  Cover   Missing
----------------------------------------------------------------------------------
components/environments/gym.py                          61     41    33%   14-23, 27, 31, 40, 43-60, 76-77, 81, 85, 99, 106-126
components/environments/pettingzoo.py                   80     59    26%   15-17, 21, 25, 37, 42-93, 102-103, 107, 111, 122-125, 130-155
components/environments/puffer.py                       52     30    42%   39-47, 51, 55, 61, 81-82, 107-134, 175-176, 180, 184, 193, 217-238
components/experts/catan.py                             46     46     0%   22-195
components/experts/tictactoe.py                        117     92    21%   56-110, 127, 134, 138-155, 162-186, 208, 222, 240-264, 278, 287, 300-316
components/learner_telemetry.py                         69     40    42%   49, 57-61, 64-120
components/losses/auxiliary.py                         222    141    36%   51, 58-61, 64-85, 120, 128-138, 141-158, 174-184, 191, 195, 199-204, 207-222, 237-246, 253, 257, 261-275, 278-289, 305-315, 322, 326, 330-338, 341-354, 369-375, 382, 386, 390-394, 398-409, 419-421, 425, 429, 433-437, 440-452
components/losses/infrastructure.py                    177    109    38%   22-27, 31, 35, 39, 42-51, 67-128, 149, 157-159, 165-182, 209, 216, 219-234, 243-247, 251, 255, 259-262, 269-278, 284-288, 292, 296, 300, 303-307, 314-316, 320, 324, 328, 331-335
components/losses/policy.py                            134     98    27%   75, 83, 91-121, 128-173, 189-222, 230, 234, 238-267, 272-327
components/losses/priorities.py                         68     40    41%   26-32, 36, 40, 44-46, 52-60, 93, 101-121, 127-145
components/losses/q_learning.py                         72     57    21%   33-66, 74, 78, 82-103, 106-146
components/losses/value.py                             152    106    30%   64, 72, 79-95, 101-128, 152-170, 178, 182, 186, 194-220, 227-252, 274-307, 315, 319, 323, 327-357, 363-413
components/memory/buffer.py                            129    106    18%   19-31, 35-42, 46, 50, 54-58, 64-85, 98-119, 122-125, 129, 133, 137-140, 145-252
components/memory/scheduling.py                         44     20    55%   23, 31-34, 39-47, 53-56, 60, 64, 68, 73-76
components/memory/sequence_pivot.py                     80     64    20%   86-110, 114, 118, 122-139, 166-280, 304-310
components/neural/forward.py                            38     17    55%   56, 64-69, 78-95
components/routing/noise.py                             21      9    57%   10-12, 16, 20, 24, 27-29
components/routing/player_router.py                     59     47    20%   75-90, 94-101, 105-122, 126-132, 142-163
components/routing/sync.py                              59     39    34%   20-27, 31, 35, 39, 44-69, 80-83, 87, 91, 95, 98-99
components/search/mcts_component.py                     52     41    21%   32-37, 46, 50, 54-59, 70-128
components/selectors/discrete.py                       227    193    15%   26-72, 80-91, 119-127, 136, 140, 144-161, 166-244, 248-259, 263-269, 276-280, 288, 292, 296-300, 303-361, 376-389, 397, 401, 405-408, 411-450
components/selectors/inference.py                       62     49    21%   32-36, 48, 52, 56-60, 63-115
components/selectors/random.py                          34     20    41%   56-58, 62, 66, 70-75, 90-109
components/targets/bootstrapping.py                    114     92    19%   36-49, 53, 57, 60-63, 68-131, 149-160, 167, 171, 174-175, 178-247
components/targets/formatters.py                       154     81    47%   83-102, 116, 120, 124-135, 141-148, 202, 210-220, 223-233, 287, 295-299, 302-315, 346-365, 369, 373, 377-382, 387-394, 421-427, 431, 435, 439-450, 456-466
components/targets/sequence.py                         156    106    32%   36, 44-54, 57-86, 107, 115, 120-174, 193, 201, 206-233, 240-241, 245, 249, 253-258, 264-272
components/telemetry.py                                 86     65    24%   17-24, 33, 37, 41, 48-132, 147-148, 152, 156, 160, 163-174
components/valves.py                                    24     24     0%   1-46
modules/agent_nets/base.py                              71     47    34%   31-66, 71-74, 79-83, 88, 95, 104, 111, 116, 124-144
modules/agent_nets/modular.py                          188    151    20%   46, 54-56, 63-137, 147-334, 351, 372-394, 406-426, 438-458
modules/backbones/conv.py                               57     28    51%   50, 61-63, 79-108, 112-115, 118-120
modules/backbones/identity.py                           13     13     0%   1-22
modules/backbones/mlp.py                                34     25    26%   22-47, 51-55, 58-62
modules/backbones/mlp_resnet.py                         48     48     0%   1-92
modules/backbones/recurrent.py                          19     19     0%   1-50
modules/backbones/resnet.py                             24      1    96%   56
modules/backbones/transformer.py                        20     20     0%   1-52
modules/distributions.py                                66     66     0%   1-122
modules/embeddings/action_embedding.py                  47     28    40%   57-64, 70-129, 133-135
modules/heads/base.py                                   52     14    73%   33, 54-58, 64-66, 70-73, 110
modules/heads/chance_probability.py                     12     12     0%   1-30
modules/heads/continuation.py                           18     18     0%   1-52
modules/heads/latent_consistency.py                     17     17     0%   1-49
modules/heads/observation.py                            20     20     0%   1-61
modules/heads/policy.py                                 16      3    81%   30-32
modules/heads/q.py                                      68     48    29%   22-35, 40-42, 62-78, 87-93, 97, 121-161, 166-184, 188
modules/heads/reward.py                                 61     43    30%   32-37, 60-75, 86-158
modules/heads/to_play.py                                29     13    55%   34-36, 56-77
modules/heads/value.py                                  15      3    80%   29-31
modules/layers/noisy_linear.py                          71     52    27%   13, 23-45, 48-56, 61-63, 66-78, 82-84, 88-92, 95, 98, 112
modules/layers/residual_block.py                        28     10    64%   32, 76-87
modules/projectors/sim_siam.py                          10      5    50%   14-25, 33-34
modules/representations.py                             224    145    35%   20, 29, 34, 39, 44, 48, 56-60, 67-73, 82, 91-94, 102, 113-117, 132, 135, 138, 145, 157-162, 166, 170, 174-181, 185-212, 215, 218, 221, 225-228, 236-248, 272-298, 302, 314, 317-320, 323-326, 339-342, 350-353, 362, 366, 369, 372, 375, 378, 383, 395-442
modules/utils.py                                       303    242    20%   17, 20, 29-31, 34-38, 43, 52-54, 57-60, 63-64, 68-73, 80-106, 124-155, 163-203, 216, 221-224, 229-232, 254-258, 273-282, 287-292, 296-332, 336-343, 350-396, 400-414, 419-424, 427-439, 461-473, 480-481, 486-487, 495-525, 535-539, 545-546, 554-594
modules/world_models/components/chance_encoder.py       22     16    27%   17-29, 38-56
modules/world_models/components/dynamics.py             45     18    60%   38-42, 52-69, 88-91, 102, 106-107
modules/world_models/components/representation.py       13      2    85%   15-17
modules/world_models/inference_output.py               131     91    31%   27-78, 82-145
modules/world_models/muzero_world_model.py             149    111    26%   71-82, 87-89, 97-120, 153-176, 195-363, 376
modules/world_models/world_model.py                     16      0   100%
search/backends/aos_search/backpropogation.py           42     42     0%   26-242
search/backends/aos_search/batched_mcts.py             342    342     0%   8-982
search/backends/aos_search/dynamic_masking.py           60     60     0%   16-200
search/backends/aos_search/functional_modifiers.py      39     39     0%   11-180
search/backends/aos_search/min_max_stats.py             59     59     0%   7-214
search/backends/aos_search/scoring.py                  117    117     0%   15-345
search/backends/aos_search/search_algorithm.py          51     51     0%   1-198
search/backends/aos_search/search_factories.py         141    141     0%   14-488
search/backends/aos_search/search_output.py             84     84     0%   14-297
search/backends/aos_search/tree.py                      36     36     0%   1-83
search/backends/py_search/backpropogation.py            76     62    18%   36-128, 145-244
search/backends/py_search/initial_searchsets.py         21     11    48%   20, 28-50
search/backends/py_search/min_max_stats.py              25     17    32%   15-17, 20-21, 27-42, 45
search/backends/py_search/modular_search.py            724    647    11%   105-128, 148-151, 177, 186-211, 222-391, 414-621, 630-639, 649-681, 692-756, 759-878, 881, 897-1349, 1369-1714
search/backends/py_search/nodes.py                     242    196    19%   21-44, 48, 52, 64-85, 91, 99-101, 105-121, 130-134, 138-141, 144-154, 166-182, 187-210, 224-242, 246, 250, 263-302, 309, 312-317, 321-339, 342-347, 353-354, 366-383, 401-427, 438-458, 462-476
search/backends/py_search/prior_injectors.py            63     43    32%   39-52, 74-93, 109-152
search/backends/py_search/pruners.py                    96     68    29%   34, 43, 52, 63-65, 68-81, 95-121, 124-141, 145-178, 182, 195, 205-235, 239
search/backends/py_search/root_policies.py              31     14    55%   37-42, 55-57, 60, 71-83
search/backends/py_search/scoring_methods.py            90     52    42%   26-29, 36, 52-103, 108-109, 118-127, 134, 139, 142, 149-150, 153, 156, 165-169, 179, 182, 195, 198
search/backends/py_search/search_factories.py            3      3     0%   1-10
search/backends/py_search/search_selectors.py           93     71    24%   46-99, 108-128, 143-144, 147-185, 195-207
search/backends/py_search/utils.py                      27     22    19%   7, 28-42, 47-77, 81-82
----------------------------------------------------------------------------------
TOTAL                                                 6958   5338    23%
Required test coverage of 15% reached. Total coverage: 23.28%
=========================== short test summary info ============================
FAILED tests/regression/muzero/test_muzero_tictactoe_regression.py::test_muzero_tictactoe_full_training
======================== 1 failed, 1 warning in 13.38s =========================
